activeYearsEndYear	21
activeYearsStartYear	17
allegiance	134
almaMater	126
architecturalStyle	35
area	117
areaCode	64
areaWater	130
award	83
background	18
battingSide	109
battle	48
binomialAuthority	65
birthPlace	61
birthYear	45
bodyStyle	50
broadcastNetwork	88
broadcastStationClass	106
campus	129
capacity	15
causalties	95
chairmanTitle	93
championships	155
citizenship	127
class	66
colour	75
computingInput	151
computingMedia	7
computingPlatform	4
configuration	51
conservationStatus	67
conservationStatusSystem	68
country	9
daylightSavingTimeZone	121
deathPlace	76
deathYear	77
department	142
description	46
discoverer	59
displacement	52
distributor	5
division	102
domain	143
draft	137
draftRound	136
elevation	38
epoch	60
family	69
fastestLap	156
federalState	124
field	62
format	10
formerChannel	147
formerTeam	110
foundationPlace	79
foundingYear	11
frequencyOfPublication	125
frequentlyUpdated	105
genre	0
genus	70
governmentType	144
ground	84
headLabel	114
headquarter	24
height	53
homepage	25
hometown	19
impactFactorAsOf	152
industry	12
instrument	100
isPartOf	39
iucnCategory	150
jurisdiction	149
keyPerson	22
kingdom	71
language	14
languageFamily	148
layout	80
leaderTitle	40
league	16
license	28
literaryGenre	57
locatedInArea	54
location	13
locationCity	23
locationCountry	78
managerTitle	85
mediaType	58
militaryBranch	49
monarch	141
mythology	153
nationality	63
network	31
number	98
numberBuilt	44
numberOfEpisodes	32
numberOfSeasons	33
numberOfTracks	86
occupation	47
office	119
operatedBy	116
operatingSystem	29
order	72
origin	30
party	128
percentageOfAreaWater	146
phylum	73
pictureFormat	81
plays	139
populationAsOf	74
populationTotal	41
position	89
postalCode	115
profession	123
programmeFormat	107
programmingLanguage	97
province	55
publisher	6
railwayPlatforms	92
recordLabel	1
recordedIn	8
region	122
regionServed	26
religion	118
residence	101
restingPlace	135
routeEndDirection	90
routeStartDirection	91
routeTypeAbbreviation	120
runtime	3
runwayDesignation	36
runwaySurface	37
serviceEndYear	131
serviceStartYear	132
shoots	133
sourceCountry	154
sport	138
squadNumber	99
state	103
stateOfOrigin	104
stationStructure	87
statisticLabel	111
statisticValue	112
status	27
team	94
throwingSide	113
timeZone	42
title	108
topSpeed	82
transmission	56
type	2
upperAge	145
usedInWar	20
utcOffset	43
veneratedIn	140
weight	34
year	96
